digraph{
	rankdir = LR
	node[shape = circle]
	start[style = invis]
	start->0[label = start]
	11[shape = doublecircle]
	0->1[label = ¦Å]
	1->2[label = a]
	2->1[label = ¦Å]
	2->3[label = ¦Å]
	3->4[label = ¦Å]
	4->5[label = ¦Å]
	5->6[label = b]
	6->5[label = ¦Å]
	6->7[label = ¦Å]
	7->8[label = ¦Å]
	8->9[label = ¦Å]
	9->10[label = c]
	10->9[label = ¦Å]
	10->11[label = ¦Å]
}





